Obtaining file:///tmp/gh-issue-solver-1758445062866
  Installing build dependencies: started
  Installing build dependencies: finished with status 'done'
  Checking if build backend supports build_editable: started
  Checking if build backend supports build_editable: finished with status 'done'
  Getting requirements to build editable: started
  Getting requirements to build editable: finished with status 'done'
  Preparing editable metadata (pyproject.toml): started
  Preparing editable metadata (pyproject.toml): finished with status 'done'
Collecting adaptix==3.0.0b11 (from retejo==0.0.5)
  Using cached adaptix-3.0.0b11-py3-none-any.whl.metadata (6.9 kB)
Collecting typing-extensions<5.0.0,>=4.10.0 (from retejo==0.0.5)
  Using cached typing_extensions-4.15.0-py3-none-any.whl.metadata (3.3 kB)
Collecting httpx>=0.24.0 (from retejo==0.0.5)
  Using cached httpx-0.28.1-py3-none-any.whl.metadata (7.1 kB)
Collecting anyio (from httpx>=0.24.0->retejo==0.0.5)
  Using cached anyio-4.10.0-py3-none-any.whl.metadata (4.0 kB)
Collecting certifi (from httpx>=0.24.0->retejo==0.0.5)
  Using cached certifi-2025.8.3-py3-none-any.whl.metadata (2.4 kB)
Collecting httpcore==1.* (from httpx>=0.24.0->retejo==0.0.5)
  Using cached httpcore-1.0.9-py3-none-any.whl.metadata (21 kB)
Collecting idna (from httpx>=0.24.0->retejo==0.0.5)
  Using cached idna-3.10-py3-none-any.whl.metadata (10 kB)
Collecting h11>=0.16 (from httpcore==1.*->httpx>=0.24.0->retejo==0.0.5)
  Using cached h11-0.16.0-py3-none-any.whl.metadata (8.3 kB)
Collecting sniffio>=1.1 (from anyio->httpx>=0.24.0->retejo==0.0.5)
  Using cached sniffio-1.3.1-py3-none-any.whl.metadata (3.9 kB)
Using cached adaptix-3.0.0b11-py3-none-any.whl (179 kB)
Using cached httpx-0.28.1-py3-none-any.whl (73 kB)
Using cached httpcore-1.0.9-py3-none-any.whl (78 kB)
Using cached typing_extensions-4.15.0-py3-none-any.whl (44 kB)
Using cached anyio-4.10.0-py3-none-any.whl (107 kB)
Using cached idna-3.10-py3-none-any.whl (70 kB)
Using cached certifi-2025.8.3-py3-none-any.whl (161 kB)
Using cached h11-0.16.0-py3-none-any.whl (37 kB)
Using cached sniffio-1.3.1-py3-none-any.whl (10 kB)
Checking if build backend supports build_editable: started
Checking if build backend supports build_editable: finished with status 'done'
Building wheels for collected packages: retejo
  Building editable for retejo (pyproject.toml): started
  Building editable for retejo (pyproject.toml): finished with status 'done'
  Created wheel for retejo: filename=retejo-0.0.5-py3-none-any.whl size=4314 sha256=651942bd5c46ca57fffc1edea511340dbf76cece1f60954115b36fad64c4e562
  Stored in directory: /tmp/pip-ephem-wheel-cache-knbfhpln/wheels/dd/de/34/c9d3727ec49165960ebeae33650fc5933392e0243183ffc08f
Successfully built retejo
Installing collected packages: typing-extensions, sniffio, idna, h11, certifi, adaptix, retejo, httpcore, anyio, httpx
Successfully installed adaptix-3.0.0b11 anyio-4.10.0 certifi-2025.8.3 h11-0.16.0 httpcore-1.0.9 httpx-0.28.1 idna-3.10 retejo-0.0.5 sniffio-1.3.1 typing-extensions-4.15.0
